root@otusvm:/home/otus# fdisk -l
Disk /dev/sda: 20 GiB, 21474836480 bytes, 41943040 sectors
Disk model: VMware Virtual S
Units: sectors of 1 * 512 = 512 bytes
Sector size (logical/physical): 512 bytes / 512 bytes
I/O size (minimum/optimal): 512 bytes / 512 bytes
Disklabel type: gpt
Disk identifier: 8920A4EB-D2C1-40FA-BF5B-703D488C7D32

Device       Start      End  Sectors  Size Type
/dev/sda1     2048     4095     2048    1M BIOS boot
/dev/sda2     4096  3719167  3715072  1.8G Linux filesystem
/dev/sda3  3719168 41940991 38221824 18.2G Linux filesystem


Disk /dev/sdb: 1 GiB, 1073741824 bytes, 2097152 sectors
Disk model: VMware Virtual S
Units: sectors of 1 * 512 = 512 bytes
Sector size (logical/physical): 512 bytes / 512 bytes
I/O size (minimum/optimal): 512 bytes / 512 bytes


Disk /dev/sdc: 1 GiB, 1073741824 bytes, 2097152 sectors
Disk model: VMware Virtual S
Units: sectors of 1 * 512 = 512 bytes
Sector size (logical/physical): 512 bytes / 512 bytes
I/O size (minimum/optimal): 512 bytes / 512 bytes


Disk /dev/sdd: 1 GiB, 1073741824 bytes, 2097152 sectors
Disk model: VMware Virtual S
Units: sectors of 1 * 512 = 512 bytes
Sector size (logical/physical): 512 bytes / 512 bytes
I/O size (minimum/optimal): 512 bytes / 512 bytes


Disk /dev/sde: 1 GiB, 1073741824 bytes, 2097152 sectors
Disk model: VMware Virtual S
Units: sectors of 1 * 512 = 512 bytes
Sector size (logical/physical): 512 bytes / 512 bytes
I/O size (minimum/optimal): 512 bytes / 512 bytes


Disk /dev/sdf: 5 GiB, 5368709120 bytes, 10485760 sectors
Disk model: VMware Virtual S
Units: sectors of 1 * 512 = 512 bytes
Sector size (logical/physical): 512 bytes / 512 bytes
I/O size (minimum/optimal): 512 bytes / 512 bytes


Disk /dev/mapper/ubuntu--vg-ubuntu--lv: 10 GiB, 10737418240 bytes, 20971520 sectors
Units: sectors of 1 * 512 = 512 bytes
Sector size (logical/physical): 512 bytes / 512 bytes
I/O size (minimum/optimal): 512 bytes / 512 bytes
root@otusvm:/home/otus# lsblk
NAME                      MAJ:MIN RM  SIZE RO TYPE MOUNTPOINTS
sda                         8:0    0   20G  0 disk
├─sda1                      8:1    0    1M  0 part
├─sda2                      8:2    0  1.8G  0 part /boot
└─sda3                      8:3    0 18.2G  0 part
  └─ubuntu--vg-ubuntu--lv 252:0    0   10G  0 lvm  /
sdb                         8:16   0    1G  0 disk
sdc                         8:32   0    1G  0 disk
sdd                         8:48   0    1G  0 disk
sde                         8:64   0    1G  0 disk
sdf                         8:80   0    5G  0 disk
sr0                        11:0    1  2.6G  0 rom
root@otusvm:/home/otus# mdadm --zero-superblock --force /dev/sd{b,c,d,e,f}
mdadm: Unrecognised md component device - /dev/sdb
mdadm: Unrecognised md component device - /dev/sdc
mdadm: Unrecognised md component device - /dev/sdd
mdadm: Unrecognised md component device - /dev/sde
mdadm: Unrecognised md component device - /dev/sdf
root@otusvm:/home/otus# apt install mdadm
Reading package lists... Done
Building dependency tree... Done
Reading state information... Done
Suggested packages:
  default-mta | mail-transport-agent
The following packages will be upgraded:
  mdadm
1 upgraded, 0 newly installed, 0 to remove and 129 not upgraded.
Need to get 464 kB of archives.
After this operation, 0 B of additional disk space will be used.
Get:1 http://ru.archive.ubuntu.com/ubuntu noble-updates/main amd64 mdadm amd64 4.3-1ubuntu2.1 [464 kB]
Fetched 464 kB in 0s (5,331 kB/s)
Preconfiguring packages ...
(Reading database ... 91869 files and directories currently installed.)
Preparing to unpack .../mdadm_4.3-1ubuntu2.1_amd64.deb ...
Unpacking mdadm (4.3-1ubuntu2.1) over (4.3-1ubuntu2) ...
Setting up mdadm (4.3-1ubuntu2.1) ...
update-initramfs: deferring update (trigger activated)
Sourcing file `/etc/default/grub'
Generating grub configuration file ...
File descriptor 3 (pipe:[21346]) leaked on vgs invocation. Parent PID 2593: /usr/sbin/grub-probe
File descriptor 3 (pipe:[21346]) leaked on vgs invocation. Parent PID 2593: /usr/sbin/grub-probe
File descriptor 3 (pipe:[21346]) leaked on vgs invocation. Parent PID 2596: /usr/sbin/grub-probe
File descriptor 3 (pipe:[21346]) leaked on vgs invocation. Parent PID 2596: /usr/sbin/grub-probe
File descriptor 3 (pipe:[21346]) leaked on vgs invocation. Parent PID 2599: /usr/sbin/grub-probe
File descriptor 3 (pipe:[21346]) leaked on vgs invocation. Parent PID 2599: /usr/sbin/grub-probe
File descriptor 3 (pipe:[21346]) leaked on vgs invocation. Parent PID 2602: /usr/sbin/grub-probe
File descriptor 3 (pipe:[21346]) leaked on vgs invocation. Parent PID 2602: /usr/sbin/grub-probe
File descriptor 3 (pipe:[21346]) leaked on vgs invocation. Parent PID 2635: /usr/sbin/grub-probe
File descriptor 3 (pipe:[21346]) leaked on vgs invocation. Parent PID 2635: /usr/sbin/grub-probe
Found linux image: /boot/vmlinuz-6.8.0-79-lowlatency
Found initrd image: /boot/initrd.img-6.8.0-79-lowlatency
Found linux image: /boot/vmlinuz-6.8.0-79-generic
Found initrd image: /boot/initrd.img-6.8.0-79-generic
File descriptor 3 (pipe:[21346]) leaked on vgs invocation. Parent PID 2933: /usr/sbin/grub-probe
File descriptor 3 (pipe:[21346]) leaked on vgs invocation. Parent PID 2933: /usr/sbin/grub-probe
Warning: os-prober will not be executed to detect other bootable partitions.
Systems on them will not be added to the GRUB boot configuration.
Check GRUB_DISABLE_OS_PROBER documentation entry.
Adding boot menu entry for UEFI Firmware Settings ...
done
Processing triggers for man-db (2.12.0-4build2) ...
Processing triggers for initramfs-tools (0.142ubuntu25.1) ...
update-initramfs: Generating /boot/initrd.img-6.8.0-79-lowlatency
Scanning processes...
Scanning linux images...

Running kernel seems to be up-to-date.

No services need to be restarted.

No containers need to be restarted.

No user sessions are running outdated binaries.

No VM guests are running outdated hypervisor (qemu) binaries on this host.
root@otusvm:/home/otus# mdadm --zero-superblock --force /dev/sd{b,c,d,e,f}
mdadm: Unrecognised md component device - /dev/sdb
mdadm: Unrecognised md component device - /dev/sdc
mdadm: Unrecognised md component device - /dev/sdd
mdadm: Unrecognised md component device - /dev/sde
mdadm: Unrecognised md component device - /dev/sdf
root@otusvm:/home/otus# mdadm --create --verbose /dev/md0 -l 6 -n 5 /dev/sd{b,c,d,e,f}
mdadm: layout defaults to left-symmetric
mdadm: layout defaults to left-symmetric
mdadm: chunk size defaults to 512K
mdadm: size set to 1046528K
mdadm: largest drive (/dev/sdf) exceeds size (1046528K) by more than 1%
Continue creating array? y
mdadm: Defaulting to version 1.2 metadata
mdadm: array /dev/md0 started.
root@otusvm:/home/otus# cat /proc/mdstat
Personalities : [raid0] [raid1] [raid6] [raid5] [raid4] [raid10]
md0 : active raid6 sdf[4] sde[3] sdd[2] sdc[1] sdb[0]
      3139584 blocks super 1.2 level 6, 512k chunk, algorithm 2 [5/5] [UUUUU]

unused devices: <none>
root@otusvm:/home/otus# cat /proc/mdstat
Personalities : [raid0] [raid1] [raid6] [raid5] [raid4] [raid10]
md0 : active raid6 sdf[4] sde[3] sdd[2] sdc[1] sdb[0]
      3139584 blocks super 1.2 level 6, 512k chunk, algorithm 2 [5/5] [UUUUU]

unused devices: <none>
root@otusvm:/home/otus# mdadm -D /dev/md0
/dev/md0:
           Version : 1.2
     Creation Time : Sun Sep  7 18:44:30 2025
        Raid Level : raid6
        Array Size : 3139584 (2.99 GiB 3.21 GB)
     Used Dev Size : 1046528 (1022.00 MiB 1071.64 MB)
      Raid Devices : 5
     Total Devices : 5
       Persistence : Superblock is persistent

       Update Time : Sun Sep  7 18:44:35 2025
             State : clean
    Active Devices : 5
   Working Devices : 5
    Failed Devices : 0
     Spare Devices : 0

            Layout : left-symmetric
        Chunk Size : 512K

Consistency Policy : resync

              Name : otusvm:0  (local to host otusvm)
              UUID : d9fb215d:23b33a98:10d58b0a:7ea45f94
            Events : 17

    Number   Major   Minor   RaidDevice State
       0       8       16        0      active sync   /dev/sdb
       1       8       32        1      active sync   /dev/sdc
       2       8       48        2      active sync   /dev/sdd
       3       8       64        3      active sync   /dev/sde
       4       8       80        4      active sync   /dev/sdf
root@otusvm:/home/otus# mdadm /dev/md0 --fail /dev/sde
mdadm: set /dev/sde faulty in /dev/md0
mdadm: set /dev/sde faulty in /dev/md0
Command 'mdadm:' not found, did you mean:
  command 'mdadm' from deb mdadm (4.3-1ubuntu2.1)
Try: apt install <deb name>
root@otusvm:/home/otus# mdadm: set /dev/sde faulty in /dev/md0^C
root@otusvm:/home/otus# mdadm ^C
root@otusvm:/home/otus# mdadm /dev/md0 --fail /dev/sde
mdadm: set /dev/sde faulty in /dev/md0
mdadm: set /dev/sde faulty in /dev/md0
Command 'mdadm:' not found, did you mean:
  command 'mdadm' from deb mdadm (4.3-1ubuntu2.1)
Try: apt install <deb name>
root@otusvm:/home/otus# mdadm /dev/md0 --fail /dev/sd
sda   sda1  sda2  sda3  sdb   sdc   sdd   sde   sdf
root@otusvm:/home/otus# mdadm /dev/md0 --fail /dev/sd
sda   sda1  sda2  sda3  sdb   sdc   sdd   sde   sdf
root@otusvm:/home/otus# mdadm /dev/md0 --fail /dev/sde
mdadm: set /dev/sde faulty in /dev/md0
root@otusvm:/home/otus# cat /proc/mdstat
Personalities : [raid0] [raid1] [raid6] [raid5] [raid4] [raid10]
md0 : active raid6 sdf[4] sde[3](F) sdd[2] sdc[1] sdb[0]
      3139584 blocks super 1.2 level 6, 512k chunk, algorithm 2 [5/4] [UUU_U]

unused devices: <none>
root@otusvm:/home/otus# mdadm -D /dev/md0
/dev/md0:
           Version : 1.2
     Creation Time : Sun Sep  7 18:44:30 2025
        Raid Level : raid6
        Array Size : 3139584 (2.99 GiB 3.21 GB)
     Used Dev Size : 1046528 (1022.00 MiB 1071.64 MB)
      Raid Devices : 5
     Total Devices : 5
       Persistence : Superblock is persistent

       Update Time : Sun Sep  7 18:45:22 2025
             State : clean, degraded
    Active Devices : 4
   Working Devices : 4
    Failed Devices : 1
     Spare Devices : 0

            Layout : left-symmetric
        Chunk Size : 512K

Consistency Policy : resync

              Name : otusvm:0  (local to host otusvm)
              UUID : d9fb215d:23b33a98:10d58b0a:7ea45f94
            Events : 19

    Number   Major   Minor   RaidDevice State
       0       8       16        0      active sync   /dev/sdb
       1       8       32        1      active sync   /dev/sdc
       2       8       48        2      active sync   /dev/sdd
       -       0        0        3      removed
       4       8       80        4      active sync   /dev/sdf

       3       8       64        -      faulty   /dev/sde
root@otusvm:/home/otus# mdadm /dev/md0 --remove /dev/sde
mdadm: hot removed /dev/sde from /dev/md0
root@otusvm:/home/otus# mdadm -D /dev/md0
/dev/md0:
           Version : 1.2
     Creation Time : Sun Sep  7 18:44:30 2025
        Raid Level : raid6
        Array Size : 3139584 (2.99 GiB 3.21 GB)
     Used Dev Size : 1046528 (1022.00 MiB 1071.64 MB)
      Raid Devices : 5
     Total Devices : 4
       Persistence : Superblock is persistent

       Update Time : Sun Sep  7 18:46:51 2025
             State : clean, degraded
    Active Devices : 4
   Working Devices : 4
    Failed Devices : 0
     Spare Devices : 0

            Layout : left-symmetric
        Chunk Size : 512K

Consistency Policy : resync

              Name : otusvm:0  (local to host otusvm)
              UUID : d9fb215d:23b33a98:10d58b0a:7ea45f94
            Events : 20

    Number   Major   Minor   RaidDevice State
       0       8       16        0      active sync   /dev/sdb
       1       8       32        1      active sync   /dev/sdc
       2       8       48        2      active sync   /dev/sdd
       -       0        0        3      removed
       4       8       80        4      active sync   /dev/sdf
root@otusvm:/home/otus# mdadm -D /dev/md0
/dev/md0:
           Version : 1.2
     Creation Time : Sun Sep  7 18:44:30 2025
        Raid Level : raid6
        Array Size : 3139584 (2.99 GiB 3.21 GB)
     Used Dev Size : 1046528 (1022.00 MiB 1071.64 MB)
      Raid Devices : 5
     Total Devices : 4
       Persistence : Superblock is persistent

       Update Time : Sun Sep  7 18:46:51 2025
             State : clean, degraded
    Active Devices : 4
   Working Devices : 4
    Failed Devices : 0
     Spare Devices : 0

            Layout : left-symmetric
        Chunk Size : 512K

Consistency Policy : resync

              Name : otusvm:0  (local to host otusvm)
              UUID : d9fb215d:23b33a98:10d58b0a:7ea45f94
            Events : 20

    Number   Major   Minor   RaidDevice State
       0       8       16        0      active sync   /dev/sdb
       1       8       32        1      active sync   /dev/sdc
       2       8       48        2      active sync   /dev/sdd
       -       0        0        3      removed
       4       8       80        4      active sync   /dev/sdf
root@otusvm:/home/otus# mdadm /dev/md0 --add /dev/sde
mdadm: added /dev/sde
root@otusvm:/home/otus# mdadm -D /dev/md0
/dev/md0:
           Version : 1.2
     Creation Time : Sun Sep  7 18:44:30 2025
        Raid Level : raid6
        Array Size : 3139584 (2.99 GiB 3.21 GB)
     Used Dev Size : 1046528 (1022.00 MiB 1071.64 MB)
      Raid Devices : 5
     Total Devices : 5
       Persistence : Superblock is persistent

       Update Time : Sun Sep  7 18:47:11 2025
             State : clean, degraded, recovering
    Active Devices : 4
   Working Devices : 5
    Failed Devices : 0
     Spare Devices : 1

            Layout : left-symmetric
        Chunk Size : 512K

Consistency Policy : resync

    Rebuild Status : 21% complete

              Name : otusvm:0  (local to host otusvm)
              UUID : d9fb215d:23b33a98:10d58b0a:7ea45f94
            Events : 25

    Number   Major   Minor   RaidDevice State
       0       8       16        0      active sync   /dev/sdb
       1       8       32        1      active sync   /dev/sdc
       2       8       48        2      active sync   /dev/sdd
       5       8       64        3      spare rebuilding   /dev/sde
       4       8       80        4      active sync   /dev/sdf
root@otusvm:/home/otus# mdadm -D /dev/md0
/dev/md0:
           Version : 1.2
     Creation Time : Sun Sep  7 18:44:30 2025
        Raid Level : raid6
        Array Size : 3139584 (2.99 GiB 3.21 GB)
     Used Dev Size : 1046528 (1022.00 MiB 1071.64 MB)
      Raid Devices : 5
     Total Devices : 5
       Persistence : Superblock is persistent

       Update Time : Sun Sep  7 18:47:16 2025
             State : clean, degraded, recovering
    Active Devices : 4
   Working Devices : 5
    Failed Devices : 0
     Spare Devices : 1

            Layout : left-symmetric
        Chunk Size : 512K

Consistency Policy : resync

    Rebuild Status : 95% complete

              Name : otusvm:0  (local to host otusvm)
              UUID : d9fb215d:23b33a98:10d58b0a:7ea45f94
            Events : 37

    Number   Major   Minor   RaidDevice State
       0       8       16        0      active sync   /dev/sdb
       1       8       32        1      active sync   /dev/sdc
       2       8       48        2      active sync   /dev/sdd
       5       8       64        3      spare rebuilding   /dev/sde
       4       8       80        4      active sync   /dev/sdf
root@otusvm:/home/otus# mdadm -D /dev/md0
/dev/md0:
           Version : 1.2
     Creation Time : Sun Sep  7 18:44:30 2025
        Raid Level : raid6
        Array Size : 3139584 (2.99 GiB 3.21 GB)
     Used Dev Size : 1046528 (1022.00 MiB 1071.64 MB)
      Raid Devices : 5
     Total Devices : 5
       Persistence : Superblock is persistent

       Update Time : Sun Sep  7 18:47:16 2025
             State : clean
    Active Devices : 5
   Working Devices : 5
    Failed Devices : 0
     Spare Devices : 0

            Layout : left-symmetric
        Chunk Size : 512K

Consistency Policy : resync

              Name : otusvm:0  (local to host otusvm)
              UUID : d9fb215d:23b33a98:10d58b0a:7ea45f94
            Events : 39

    Number   Major   Minor   RaidDevice State
       0       8       16        0      active sync   /dev/sdb
       1       8       32        1      active sync   /dev/sdc
       2       8       48        2      active sync   /dev/sdd
       5       8       64        3      active sync   /dev/sde
       4       8       80        4      active sync   /dev/sdf
root@otusvm:/home/otus# cat /proc/mdstat
Personalities : [raid0] [raid1] [raid6] [raid5] [raid4] [raid10]
md0 : active raid6 sde[5] sdf[4] sdd[2] sdc[1] sdb[0]
      3139584 blocks super 1.2 level 6, 512k chunk, algorithm 2 [5/5] [UUUUU]

unused devices: <none>
root@otusvm:/home/otus# parted -s /dev/md0 mklabel gpt
root@otusvm:/home/otus# parted /dev/md0 mkpart primary ext4 0% 20%
Information: You may need to update /etc/fstab.

root@otusvm:/home/otus# parted /dev/md0 mkpart primary ext4 20% 40%
Information: You may need to update /etc/fstab.

root@otusvm:/home/otus# parted /dev/md0 mkpart primary ext4 40% 60%
Information: You may need to update /etc/fstab.

root@otusvm:/home/otus# parted /dev/md0 mkpart primary ext4 60% 80%
Information: You may need to update /etc/fstab.

root@otusvm:/home/otus# parted /dev/md0 mkpart primary ext4 80% 100%
Information: You may need to update /etc/fstab.

root@otusvm:/home/otus# for i in $(seq 1 5); do sudo mkfs.ext4 /dev/md0p$i; done
mke2fs 1.47.0 (5-Feb-2023)
Creating filesystem with 156672 4k blocks and 39200 inodes
Filesystem UUID: 51f4906c-1a7a-4bf7-9538-655e228f082e
Superblock backups stored on blocks:
        32768, 98304

Allocating group tables: done
Writing inode tables: done
Creating journal (4096 blocks): done
Writing superblocks and filesystem accounting information: done

mke2fs 1.47.0 (5-Feb-2023)
Creating filesystem with 157056 4k blocks and 39280 inodes
Filesystem UUID: 0a82ceb4-0346-4a7d-ae3e-f76bddf7ff23
Superblock backups stored on blocks:
        32768, 98304

Allocating group tables: done
Writing inode tables: done
Creating journal (4096 blocks): done
Writing superblocks and filesystem accounting information: done

mke2fs 1.47.0 (5-Feb-2023)
Creating filesystem with 156672 4k blocks and 39200 inodes
Filesystem UUID: 70f9d8b8-adbe-459a-81a0-be82f9add7b5
Superblock backups stored on blocks:
        32768, 98304

Allocating group tables: done
Writing inode tables: done
Creating journal (4096 blocks): done
Writing superblocks and filesystem accounting information: done

mke2fs 1.47.0 (5-Feb-2023)
Creating filesystem with 157056 4k blocks and 39280 inodes
Filesystem UUID: c773d99f-933d-430e-84dc-2a14a9065460
Superblock backups stored on blocks:
        32768, 98304

Allocating group tables: done
Writing inode tables: done
Creating journal (4096 blocks): done
Writing superblocks and filesystem accounting information: done

mke2fs 1.47.0 (5-Feb-2023)
Creating filesystem with 156672 4k blocks and 39200 inodes
Filesystem UUID: 388fcceb-0fc5-4621-a583-c074b294dd9e
Superblock backups stored on blocks:
        32768, 98304

Allocating group tables: done
Writing inode tables: done
Creating journal (4096 blocks): done
Writing superblocks and filesystem accounting information: done

root@otusvm:/home/otus# df -h
Filesystem                         Size  Used Avail Use% Mounted on
tmpfs                              790M  1.6M  788M   1% /run
/dev/mapper/ubuntu--vg-ubuntu--lv  9.8G  2.6G  6.7G  29% /
tmpfs                              3.9G     0  3.9G   0% /dev/shm
tmpfs                              5.0M     0  5.0M   0% /run/lock
/dev/sda2                          1.8G  192M  1.5G  12% /boot
tmpfs                              790M   12K  790M   1% /run/user/1000
root@otusvm:/home/otus# mkdir -p /raid/part{1,2,3,4,5}
root@otusvm:/home/otus# for i in $(seq 1 5); do mount /dev/md0p$i /raid/part$i; done
root@otusvm:/home/otus# df -h
Filesystem                         Size  Used Avail Use% Mounted on
tmpfs                              790M  1.6M  788M   1% /run
/dev/mapper/ubuntu--vg-ubuntu--lv  9.8G  2.6G  6.7G  29% /
tmpfs                              3.9G     0  3.9G   0% /dev/shm
tmpfs                              5.0M     0  5.0M   0% /run/lock
/dev/sda2                          1.8G  192M  1.5G  12% /boot
tmpfs                              790M   12K  790M   1% /run/user/1000
/dev/md0p1                         586M   24K  543M   1% /raid/part1
/dev/md0p2                         587M   24K  544M   1% /raid/part2
/dev/md0p3                         586M   24K  543M   1% /raid/part3
/dev/md0p4                         587M   24K  544M   1% /raid/part4
/dev/md0p5                         586M   24K  543M   1% /raid/part5
root@otusvm:/home/otus# history
    1  fdisk -l
    2  lsblk
    3  mdadm --zero-superblock --force /dev/sd{b,c,d,e,f}
    4  apt install mdadm
    5  mdadm --zero-superblock --force /dev/sd{b,c,d,e,f}
    6  mdadm --create --verbose /dev/md0 -l 6 -n 5 /dev/sd{b,c,d,e,f}
    7  cat /proc/mdstat
    8  mdadm -D /dev/md0
    9  mdadm /dev/md0 --fail /dev/sde
   10  mdadm: set /dev/sde faulty in /dev/md0
   11  mdadm /dev/md0 --fail /dev/sde
   12  mdadm: set /dev/sde faulty in /dev/md0
   13  mdadm /dev/md0 --fail /dev/sde
   14  cat /proc/mdstat
   15  mdadm -D /dev/md0
   16  mdadm /dev/md0 --remove /dev/sde
   17  mdadm -D /dev/md0
   18  mdadm /dev/md0 --add /dev/sde
   19  mdadm -D /dev/md0
   20  cat /proc/mdstat
   21  parted -s /dev/md0 mklabel gpt
   22  parted /dev/md0 mkpart primary ext4 0% 20%
   23  parted /dev/md0 mkpart primary ext4 20% 40%
   24  parted /dev/md0 mkpart primary ext4 40% 60%
   25  parted /dev/md0 mkpart primary ext4 60% 80%
   26  parted /dev/md0 mkpart primary ext4 80% 100%
   27  for i in $(seq 1 5); do sudo mkfs.ext4 /dev/md0p$i; done
   28  df -h
   29  mkdir -p /raid/part{1,2,3,4,5}
   30  for i in $(seq 1 5); do mount /dev/md0p$i /raid/part$i; done
   31  df -h
   32  history

